<entity type="com.symphony.integration.sfdc.event.accountStatus" version="1.0">
<presentationML>Account details for Wells Fargo (<a href="https://link.to.the.account.at.salesforce/path/to/the/account/at/salesforce"/>)</presentationML>
<entity type="com.symphony.integration.sfdc.account" version="1.0">
<attribute name="name" type="org.symphonyoss.string" value="Wells Fargo"/>
<attribute name="link" type="com.symphony.uri" value="https://link.to.the.account.at.salesforce/path/to/the/account/at/salesforce"/>
<attribute name="city" type="org.symphonyoss.string" value="Charlotte"/>
<attribute name="country" type="org.symphonyoss.string" value="United States"/>
<entity name="totalAmount" type="com.symphony.integration.sfdc.amount" version="1.0">
<attribute name="currency" type="org.symphonyoss.fin.ccy" value="USD"/>
<attribute name="value" type="org.symphony.oss.number.double" value="38212.50"/>
</entity>
<entity name="owner" type="com.symphony.integration.sfdc.user" version="1.0">
<attribute name="username" type="org.symphonyoss.string" value="amysak"/>
<attribute name="fullName" type="org.symphonyoss.string" value="Alexandra Mysak"/>
<attribute name="emailAddress" type="org.symphonyoss.string" value="amysak@company.com"/>
<entity type="com.symphony.mention" version="1.0">
<attribute name="id" type="org.symphony.oss.number.long" value="7627861918843"/>
<attribute name="name" type="org.symphonyoss.string" value="Alexandra Mysak"/>
</entity>
</entity>
</entity>
<entity type="com.symphony.integration.sfdc.opportunities" version="1.0">
<entity name="0" type="com.symphony.integration.sfdc.opportunity" version="1.0">
<attribute name="name" type="org.symphonyoss.string" value="Wells Fargo Upsell - JUL16 - 2"/>
<attribute name="link" type="com.symphony.uri" value="https://link.to.the.opportunity.at.salesforce/path/to/the/opportunity/at/salesforce"/>
<attribute name="type" type="org.symphonyoss.string" value="Upsell"/>
<attribute name="stage" type="org.symphonyoss.string" value="5. Closed - Won"/>
<attribute name="closeDate" type="org.symphonyoss.time.rfc3339" value="2016-08-05T14:42:09.992Z"/>
<entity name="amount" type="com.symphony.integration.sfdc.amount" version="1.0">
<attribute name="currency" type="org.symphonyoss.fin.ccy" value="USD"/>
<attribute name="value" type="org.symphony.oss.number.double" value="288000.00"/>
</entity>
<entity name="owner" type="com.symphony.integration.sfdc.user" version="1.0">
<attribute name="username" type="org.symphonyoss.string" value="amysak"/>
<attribute name="fullName" type="org.symphonyoss.string" value="Alexandra Mysak"/>
<attribute name="emailAddress" type="org.symphonyoss.string" value="amysak@company.com"/>
<entity type="com.symphony.mention" version="1.0">
<attribute name="id" type="org.symphony.oss.number.long" value="7627861918843"/>
<attribute name="name" type="org.symphonyoss.string" value="Alexandra Mysak"/>
</entity>
</entity>
</entity>
<entity name="1" type="com.symphony.integration.sfdc.opportunity" version="1.0">
<attribute name="name" type="org.symphonyoss.string" value="Wells Fargo Upsell - JUL16 - 2"/>
<attribute name="link" type="com.symphony.uri" value="https://link.to.the.opportunity.at.salesforce/path/to/the/opportunity/at/salesforce"/>
<attribute name="type" type="org.symphonyoss.string" value="Upsell"/>
<attribute name="stage" type="org.symphonyoss.string" value="5. Closed - Won"/>
<attribute name="closeDate" type="org.symphonyoss.time.rfc3339" value="2016-08-05T14:42:09.992Z"/>
<entity name="amount" type="com.symphony.integration.sfdc.amount" version="1.0">
<attribute name="currency" type="org.symphonyoss.fin.ccy" value="USD"/>
<attribute name="value" type="org.symphony.oss.number.double" value="288000.00"/>
</entity>
<entity name="owner" type="com.symphony.integration.sfdc.user" version="1.0">
<attribute name="username" type="org.symphonyoss.string" value="amysak"/>
<attribute name="fullName" type="org.symphonyoss.string" value="Alexandra Mysak"/>
<attribute name="emailAddress" type="org.symphonyoss.string" value="amysak@company.com"/>
<entity type="com.symphony.mention" version="1.0">
<attribute name="id" type="org.symphony.oss.number.long" value="7627861918843"/>
<attribute name="name" type="org.symphonyoss.string" value="Alexandra Mysak"/>
</entity>
</entity>
</entity>
<entity name="2" type="com.symphony.integration.sfdc.opportunity" version="1.0">
<attribute name="name" type="org.symphonyoss.string" value="Wells Fargo Upsell - JUL16 - 2"/>
<attribute name="link" type="com.symphony.uri" value="https://link.to.the.opportunity.at.salesforce/path/to/the/opportunity/at/salesforce"/>
<attribute name="type" type="org.symphonyoss.string" value="Upsell"/>
<attribute name="stage" type="org.symphonyoss.string" value="5. Closed - Won"/>
<attribute name="closeDate" type="org.symphonyoss.time.rfc3339" value="2016-08-05T14:42:09.992Z"/>
<entity name="amount" type="com.symphony.integration.sfdc.amount" version="1.0">
<attribute name="currency" type="org.symphonyoss.fin.ccy" value="USD"/>
<attribute name="value" type="org.symphony.oss.number.double" value="288000.00"/>
</entity>
<entity name="owner" type="com.symphony.integration.sfdc.user" version="1.0">
<attribute name="username" type="org.symphonyoss.string" value="amysak"/>
<attribute name="fullName" type="org.symphonyoss.string" value="Alexandra Mysak"/>
<attribute name="emailAddress" type="org.symphonyoss.string" value="amysak@company.com"/>
<entity type="com.symphony.mention" version="1.0">
<attribute name="id" type="org.symphony.oss.number.long" value="7627861918843"/>
<attribute name="name" type="org.symphonyoss.string" value="Alexandra Mysak"/>
</entity>
</entity>
</entity>
</entity>
<entity type="com.symphony.integration.sfdc.activities" version="1.0">
<entity name="0" type="com.symphony.integration.sfdc.activity" version="1.0">
<attribute name="subject" type="org.symphonyoss.string" value="Wells Fargo - Symphony Weekly Account Meeting"/>
<attribute name="link" type="com.symphony.uri" value="https://link.to.the.activity.at.salesforce/path/to/the/activity/at/salesforce"/>
<attribute name="dueDate" type="org.symphonyoss.time.rfc3339" value="2016-08-05T14:42:09.992Z"/>
<attribute name="lastModified" type="org.symphonyoss.time.rfc3339" value="2016-08-05T14:42:09.992Z"/>
<entity name="author" type="com.symphony.integration.sfdc.user" version="1.0">
<attribute name="username" type="org.symphonyoss.string" value="mhineman"/>
<attribute name="fullName" type="org.symphonyoss.string" value="Mark Hineman"/>
<attribute name="emailAddress" type="org.symphonyoss.string" value="mhineman@company.com"/>
</entity>
<entity name="assignee" type="com.symphony.integration.sfdc.user" version="1.0">
<attribute name="username" type="org.symphonyoss.string" value="amysak"/>
<attribute name="fullName" type="org.symphonyoss.string" value="Alexandra Mysak"/>
<attribute name="emailAddress" type="org.symphonyoss.string" value="amysak@company.com"/>
<entity type="com.symphony.mention" version="1.0">
<attribute name="id" type="org.symphony.oss.number.long" value="7627861918843"/>
<attribute name="name" type="org.symphonyoss.string" value="Alexandra Mysak"/>
</entity>
</entity>
</entity>
<entity name="1" type="com.symphony.integration.sfdc.activity" version="1.0">
<attribute name="subject" type="org.symphonyoss.string" value="Wells Fargo - Symphony Weekly Account Meeting"/>
<attribute name="link" type="com.symphony.uri" value="https://link.to.the.activity.at.salesforce/path/to/the/activity/at/salesforce"/>
<attribute name="dueDate" type="org.symphonyoss.time.rfc3339" value="2016-08-05T14:42:09.992Z"/>
<attribute name="lastModified" type="org.symphonyoss.time.rfc3339" value="2016-08-05T14:42:09.992Z"/>
<entity name="author" type="com.symphony.integration.sfdc.user" version="1.0">
<attribute name="username" type="org.symphonyoss.string" value="mhineman"/>
<attribute name="fullName" type="org.symphonyoss.string" value="Mark Hineman"/>
<attribute name="emailAddress" type="org.symphonyoss.string" value="mhineman@company.com"/>
</entity>
<entity name="assignee" type="com.symphony.integration.sfdc.user" version="1.0">
<attribute name="username" type="org.symphonyoss.string" value="amysak"/>
<attribute name="fullName" type="org.symphonyoss.string" value="Alexandra Mysak"/>
<attribute name="emailAddress" type="org.symphonyoss.string" value="amysak@company.com"/>
<entity type="com.symphony.mention" version="1.0">
<attribute name="id" type="org.symphony.oss.number.long" value="7627861918843"/>
<attribute name="name" type="org.symphonyoss.string" value="Alexandra Mysak"/>
</entity>
</entity>
</entity>
<entity name="2" type="com.symphony.integration.sfdc.activity" version="1.0">
<attribute name="subject" type="org.symphonyoss.string" value="Wells Fargo - Symphony Weekly Account Meeting"/>
<attribute name="link" type="com.symphony.uri" value="https://link.to.the.activity.at.salesforce/path/to/the/activity/at/salesforce"/>
<attribute name="dueDate" type="org.symphonyoss.time.rfc3339" value="2016-08-05T14:42:09.992Z"/>
<attribute name="lastModified" type="org.symphonyoss.time.rfc3339" value="2016-08-05T14:42:09.992Z"/>
<entity name="author" type="com.symphony.integration.sfdc.user" version="1.0">
<attribute name="username" type="org.symphonyoss.string" value="mhineman"/>
<attribute name="fullName" type="org.symphonyoss.string" value="Mark Hineman"/>
<attribute name="emailAddress" type="org.symphonyoss.string" value="mhineman@company.com"/>
</entity>
<entity name="assignee" type="com.symphony.integration.sfdc.user" version="1.0">
<attribute name="username" type="org.symphonyoss.string" value="amysak"/>
<attribute name="fullName" type="org.symphonyoss.string" value="Alexandra Mysak"/>
<attribute name="emailAddress" type="org.symphonyoss.string" value="amysak@company.com"/>
<entity type="com.symphony.mention" version="1.0">
<attribute name="id" type="org.symphony.oss.number.long" value="7627861918843"/>
<attribute name="name" type="org.symphonyoss.string" value="Alexandra Mysak"/>
</entity>
</entity>
</entity>
</entity>
</entity>